[2026-03-23 09:16:15] [INFO] [CTRL] Turbovac runtime device 교체: TurbovacService
[09:16:15] [ACSService] connect failed: SerialDeviceError("connect failed: port=COM4, baud=9600, err=could not open port 'COM4': FileNotFoundError(2, '지정된 파일을 찾을 수 없습니다.', None, 2)")
[09:16:15] [ACSService] connect failed: SerialDeviceError("connect failed: port=COM4, baud=9600, err=could not open port 'COM4': FileNotFoundError(2, '지정된 파일을 찾을 수 없습니다.', None, 2)")
[09:16:15] [PLCService] connect failed: RuntimeError('Modbus RTU connect/ping failed (last=SerialException("could not open port \'COM5\': FileNotFoundError(2, \'지정된 파일을 찾을 수 없습니다.\', None, 2)"))') (port=COM5 baud=115200 8N1 unit=1 timeout=0.500s)
[09:16:15] [ACSService] connect failed: SerialDeviceError("connect failed: port=COM4, baud=9600, err=could not open port 'COM4': FileNotFoundError(2, '지정된 파일을 찾을 수 없습니다.', None, 2)")
[09:16:15] [PLCService] connect failed: RuntimeError('Modbus RTU connect/ping failed (last=SerialException("could not open port \'COM5\': FileNotFoundError(2, \'지정된 파일을 찾을 수 없습니다.\', None, 2)"))') (port=COM5 baud=115200 8N1 unit=1 timeout=0.500s)
[09:16:16] [ACSService] connect failed: SerialDeviceError("connect failed: port=COM4, baud=9600, err=could not open port 'COM4': FileNotFoundError(2, '지정된 파일을 찾을 수 없습니다.', None, 2)")
[09:16:16] [ACSService] connect failed: SerialDeviceError("connect failed: port=COM4, baud=9600, err=could not open port 'COM4': FileNotFoundError(2, '지정된 파일을 찾을 수 없습니다.', None, 2)")
[09:16:17] [PLCService] connect failed: RuntimeError('Modbus RTU connect/ping failed (last=SerialException("could not open port \'COM5\': FileNotFoundError(2, \'지정된 파일을 찾을 수 없습니다.\', None, 2)"))') (port=COM5 baud=115200 8N1 unit=1 timeout=0.500s)
[09:16:17] [ACSService] connect failed: SerialDeviceError("connect failed: port=COM4, baud=9600, err=could not open port 'COM4': FileNotFoundError(2, '지정된 파일을 찾을 수 없습니다.', None, 2)")
[09:16:18] [ACSService] connect failed: SerialDeviceError("connect failed: port=COM4, baud=9600, err=could not open port 'COM4': FileNotFoundError(2, '지정된 파일을 찾을 수 없습니다.', None, 2)")
[09:16:18] [PLCService] connect failed: RuntimeError('Modbus RTU connect/ping failed (last=SerialException("could not open port \'COM5\': FileNotFoundError(2, \'지정된 파일을 찾을 수 없습니다.\', None, 2)"))') (port=COM5 baud=115200 8N1 unit=1 timeout=0.500s)
[09:16:18] [ACSService] connect failed: SerialDeviceError("connect failed: port=COM4, baud=9600, err=could not open port 'COM4': FileNotFoundError(2, '지정된 파일을 찾을 수 없습니다.', None, 2)")
[09:16:19] [ACSService] connect failed: SerialDeviceError("connect failed: port=COM4, baud=9600, err=could not open port 'COM4': FileNotFoundError(2, '지정된 파일을 찾을 수 없습니다.', None, 2)")
[09:16:20] [ACSService] connect failed: SerialDeviceError("connect failed: port=COM4, baud=9600, err=could not open port 'COM4': FileNotFoundError(2, '지정된 파일을 찾을 수 없습니다.', None, 2)")
[09:16:20] [ACSService] connect failed: SerialDeviceError("connect failed: port=COM4, baud=9600, err=could not open port 'COM4': FileNotFoundError(2, '지정된 파일을 찾을 수 없습니다.', None, 2)")
[09:16:21] [ACSService] connect failed: SerialDeviceError("connect failed: port=COM4, baud=9600, err=could not open port 'COM4': FileNotFoundError(2, '지정된 파일을 찾을 수 없습니다.', None, 2)")
[09:16:21] [PLCService] connect failed: RuntimeError('Modbus RTU connect/ping failed (last=SerialException("could not open port \'COM5\': FileNotFoundError(2, \'지정된 파일을 찾을 수 없습니다.\', None, 2)"))') (port=COM5 baud=115200 8N1 unit=1 timeout=0.500s)
[09:16:21] [ACSService] connect failed: SerialDeviceError("connect failed: port=COM4, baud=9600, err=could not open port 'COM4': FileNotFoundError(2, '지정된 파일을 찾을 수 없습니다.', None, 2)")
[09:16:22] [ACSService] connect failed: SerialDeviceError("connect failed: port=COM4, baud=9600, err=could not open port 'COM4': FileNotFoundError(2, '지정된 파일을 찾을 수 없습니다.', None, 2)")
[09:16:23] [ACSService] connect failed: SerialDeviceError("connect failed: port=COM4, baud=9600, err=could not open port 'COM4': FileNotFoundError(2, '지정된 파일을 찾을 수 없습니다.', None, 2)")
[09:16:23] [ACSService] connect failed: SerialDeviceError("connect failed: port=COM4, baud=9600, err=could not open port 'COM4': FileNotFoundError(2, '지정된 파일을 찾을 수 없습니다.', None, 2)")
[09:16:24] [ACSService] connect failed: SerialDeviceError("connect failed: port=COM4, baud=9600, err=could not open port 'COM4': FileNotFoundError(2, '지정된 파일을 찾을 수 없습니다.', None, 2)")
[09:16:24] [ACSService] connect failed: SerialDeviceError("connect failed: port=COM4, baud=9600, err=could not open port 'COM4': FileNotFoundError(2, '지정된 파일을 찾을 수 없습니다.', None, 2)")
[09:16:25] [ACSService] connect failed: SerialDeviceError("connect failed: port=COM4, baud=9600, err=could not open port 'COM4': FileNotFoundError(2, '지정된 파일을 찾을 수 없습니다.', None, 2)")
[09:16:26] [ACSService] connect failed: SerialDeviceError("connect failed: port=COM4, baud=9600, err=could not open port 'COM4': FileNotFoundError(2, '지정된 파일을 찾을 수 없습니다.', None, 2)")
[09:16:26] [ACSService] connect failed: SerialDeviceError("connect failed: port=COM4, baud=9600, err=could not open port 'COM4': FileNotFoundError(2, '지정된 파일을 찾을 수 없습니다.', None, 2)")
[09:16:26] [PLCService] connect failed: RuntimeError('Modbus RTU connect/ping failed (last=SerialException("could not open port \'COM5\': FileNotFoundError(2, \'지정된 파일을 찾을 수 없습니다.\', None, 2)"))') (port=COM5 baud=115200 8N1 unit=1 timeout=0.500s)
[09:16:27] [ACSService] connect failed: SerialDeviceError("connect failed: port=COM4, baud=9600, err=could not open port 'COM4': FileNotFoundError(2, '지정된 파일을 찾을 수 없습니다.', None, 2)")
[09:16:27] [ACSService] connect failed: SerialDeviceError("connect failed: port=COM4, baud=9600, err=could not open port 'COM4': FileNotFoundError(2, '지정된 파일을 찾을 수 없습니다.', None, 2)")
[09:16:28] [ACSService] connect failed: SerialDeviceError("connect failed: port=COM4, baud=9600, err=could not open port 'COM4': FileNotFoundError(2, '지정된 파일을 찾을 수 없습니다.', None, 2)")
[2026-03-23 09:16:28] [INFO] [CTRL] 실행 중 공정 없음
[PROCESS][NO-RUN] [UI] 공정 정지 요청 -> engine safety shutdown 대기
[PROCESS][NO-RUN] [UI] Process window closed -> engine/preflight stop finished
[PROCESS][NO-RUN] [2026-03-23 09:16:28] [INFO] [CTRL] 실행 중 공정 없음
[09:16:29] [ACSService] connect failed: SerialDeviceError("connect failed: port=COM4, baud=9600, err=could not open port 'COM4': FileNotFoundError(2, '지정된 파일을 찾을 수 없습니다.', None, 2)")
[09:16:29] [ACSService] connect failed: SerialDeviceError("connect failed: port=COM4, baud=9600, err=could not open port 'COM4': FileNotFoundError(2, '지정된 파일을 찾을 수 없습니다.', None, 2)")
